
Running 4 tests using 3 workers

[1A[2K[1/4] [setup] ΓÇ║ tests\e2e\auth.setup.ts:15:1 ΓÇ║ authenticate
[1A[2K[2/4] [chromium] ΓÇ║ tests\e2e\manifest-scanning-enterprise.spec.ts:56:5 ΓÇ║ Enterprise Manifest Scanning ΓÇ║ should open create manifest modal
[1A[2K[3/4] [Mobile Chrome] ΓÇ║ tests\e2e\manifest-scanning-enterprise.spec.ts:56:5 ΓÇ║ Enterprise Manifest Scanning ΓÇ║ should open create manifest modal
[1A[2K[4/4] [firefox] ΓÇ║ tests\e2e\manifest-scanning-enterprise.spec.ts:56:5 ΓÇ║ Enterprise Manifest Scanning ΓÇ║ should open create manifest modal
[1A[2K  1) [chromium] ΓÇ║ tests\e2e\manifest-scanning-enterprise.spec.ts:56:5 ΓÇ║ Enterprise Manifest Scanning ΓÇ║ should open create manifest modal 

    Error: locator.isVisible: Error: strict mode violation: getByText(/origin|from/i) resolved to 3 elements:
        1) <p class="text-sm text-muted-foreground">Define origin and destination hubs</p> aka getByText('Define origin and destination')
        2) <label class="text-sm font-medium leading-none peer-disabled:cursor-not-allowed peer-disabled:opacity-70">ΓÇª</label> aka getByText('Origin Hub *')
        3) <span>Select origin</span> aka getByRole('combobox').filter({ hasText: 'Select origin' })

    Call log:
    [2m    - checking visibility of getByText(/origin|from/i)[22m


      72 |                 const destLabel = page.getByText(/destination|to/i);
      73 |
    > 74 |                 expect(await originLabel.isVisible() || await destLabel.isVisible()).toBe(true);
         |                                          ^
      75 |             }
      76 |         }
      77 |     });
        at C:\tac-portal\tests\e2e\manifest-scanning-enterprise.spec.ts:74:42

    attachment #1: screenshot (image/png) ΓöÇΓöÇΓöÇΓöÇΓöÇΓöÇΓöÇΓöÇΓöÇΓöÇΓöÇΓöÇΓöÇΓöÇΓöÇΓöÇΓöÇΓöÇΓöÇΓöÇΓöÇΓöÇΓöÇΓöÇΓöÇΓöÇΓöÇΓöÇΓöÇΓöÇΓöÇΓöÇΓöÇΓöÇΓöÇΓöÇΓöÇΓöÇΓöÇΓöÇΓöÇΓöÇΓöÇΓöÇΓöÇΓöÇΓöÇΓöÇΓöÇΓöÇΓöÇΓöÇΓöÇΓöÇΓöÇΓöÇΓöÇΓöÇ
    test-results\manifest-scanning-enterpri-a8b61--open-create-manifest-modal-chromium\test-failed-1.png
    ΓöÇΓöÇΓöÇΓöÇΓöÇΓöÇΓöÇΓöÇΓöÇΓöÇΓöÇΓöÇΓöÇΓöÇΓöÇΓöÇΓöÇΓöÇΓöÇΓöÇΓöÇΓöÇΓöÇΓöÇΓöÇΓöÇΓöÇΓöÇΓöÇΓöÇΓöÇΓöÇΓöÇΓöÇΓöÇΓöÇΓöÇΓöÇΓöÇΓöÇΓöÇΓöÇΓöÇΓöÇΓöÇΓöÇΓöÇΓöÇΓöÇΓöÇΓöÇΓöÇΓöÇΓöÇΓöÇΓöÇΓöÇΓöÇΓöÇΓöÇΓöÇΓöÇΓöÇΓöÇΓöÇΓöÇΓöÇΓöÇΓöÇΓöÇΓöÇΓöÇΓöÇΓöÇΓöÇΓöÇΓöÇΓöÇΓöÇΓöÇΓöÇΓöÇΓöÇΓöÇΓöÇΓöÇΓöÇΓöÇΓöÇΓöÇΓöÇΓöÇΓöÇΓöÇΓöÇΓöÇ

    Error Context: test-results\manifest-scanning-enterpri-a8b61--open-create-manifest-modal-chromium\error-context.md


[1A[2K  2) [firefox] ΓÇ║ tests\e2e\manifest-scanning-enterprise.spec.ts:56:5 ΓÇ║ Enterprise Manifest Scanning ΓÇ║ should open create manifest modal 

    Error: locator.isVisible: Error: strict mode violation: getByText(/origin|from/i) resolved to 3 elements:
        1) <p class="text-sm text-muted-foreground">Define origin and destination hubs</p> aka getByText('Define origin and destination')
        2) <label class="text-sm font-medium leading-none peer-disabled:cursor-not-allowed peer-disabled:opacity-70">ΓÇª</label> aka getByText('Origin Hub *')
        ...

    Call log:
    [2m    - checking visibility of getByText(/origin|from/i)[22m


      72 |                 const destLabel = page.getByText(/destination|to/i);
      73 |
    > 74 |                 expect(await originLabel.isVisible() || await destLabel.isVisible()).toBe(true);
         |                                          ^
      75 |             }
      76 |         }
      77 |     });
        at C:\tac-portal\tests\e2e\manifest-scanning-enterprise.spec.ts:74:42

    attachment #1: screenshot (image/png) ΓöÇΓöÇΓöÇΓöÇΓöÇΓöÇΓöÇΓöÇΓöÇΓöÇΓöÇΓöÇΓöÇΓöÇΓöÇΓöÇΓöÇΓöÇΓöÇΓöÇΓöÇΓöÇΓöÇΓöÇΓöÇΓöÇΓöÇΓöÇΓöÇΓöÇΓöÇΓöÇΓöÇΓöÇΓöÇΓöÇΓöÇΓöÇΓöÇΓöÇΓöÇΓöÇΓöÇΓöÇΓöÇΓöÇΓöÇΓöÇΓöÇΓöÇΓöÇΓöÇΓöÇΓöÇΓöÇΓöÇΓöÇΓöÇ
    test-results\manifest-scanning-enterpri-a8b61--open-create-manifest-modal-firefox\test-failed-1.png
    ΓöÇΓöÇΓöÇΓöÇΓöÇΓöÇΓöÇΓöÇΓöÇΓöÇΓöÇΓöÇΓöÇΓöÇΓöÇΓöÇΓöÇΓöÇΓöÇΓöÇΓöÇΓöÇΓöÇΓöÇΓöÇΓöÇΓöÇΓöÇΓöÇΓöÇΓöÇΓöÇΓöÇΓöÇΓöÇΓöÇΓöÇΓöÇΓöÇΓöÇΓöÇΓöÇΓöÇΓöÇΓöÇΓöÇΓöÇΓöÇΓöÇΓöÇΓöÇΓöÇΓöÇΓöÇΓöÇΓöÇΓöÇΓöÇΓöÇΓöÇΓöÇΓöÇΓöÇΓöÇΓöÇΓöÇΓöÇΓöÇΓöÇΓöÇΓöÇΓöÇΓöÇΓöÇΓöÇΓöÇΓöÇΓöÇΓöÇΓöÇΓöÇΓöÇΓöÇΓöÇΓöÇΓöÇΓöÇΓöÇΓöÇΓöÇΓöÇΓöÇΓöÇΓöÇΓöÇΓöÇ

    Error Context: test-results\manifest-scanning-enterpri-a8b61--open-create-manifest-modal-firefox\error-context.md


[1A[2K  3) [Mobile Chrome] ΓÇ║ tests\e2e\manifest-scanning-enterprise.spec.ts:56:5 ΓÇ║ Enterprise Manifest Scanning ΓÇ║ should open create manifest modal 

    [31mTest timeout of 30000ms exceeded.[39m

    Error: locator.click: Test timeout of 30000ms exceeded.
    Call log:
    [2m  - waiting for getByRole('button', { name: /create|new|add/i }).first()[22m
    [2m    - locator resolved to <button class="font-sans font-medium rounded-lg transition-all duration-200 flex items-center justify-center gap-2 focus:outline-none focus:ring-2 focus:ring-cyber-accent/50 disabled:opacity-50 disabled:cursor-not-allowed active:scale-95 bg-primary/10 hover:bg-primary/20 active:bg-primary/30 text-primary border border-primary/50 shadow-sm hover:shadow-md px-4 py-2 text-sm ">ΓÇª</button>[22m
    [2m  - attempting click action[22m
    [2m    - waiting for element to be visible, enabled and stable[22m
    [2m    - element is visible, enabled and stable[22m
    [2m    - scrolling into view if needed[22m
    [2m    - done scrolling[22m
    [2m    - <div class="space-y-1">ΓÇª</div> from <aside class="fixed left-0 top-0 h-full bg-cyber-surface/95 border-r border-cyber-border backdrop-blur-xl transition-all duration-300 z-50 flex flex-col w-64">ΓÇª</aside> subtree intercepts pointer events[22m
    [2m  - retrying click action[22m
    [2m    - waiting for element to be visible, enabled and stable[22m
    [2m    - element is visible, enabled and stable[22m
    [2m    - scrolling into view if needed[22m
    [2m    - done scrolling[22m
    [2m    - <h1 class="text-2xl font-bold text-foreground">Fleet Manifests</h1> from <div>ΓÇª</div> subtree intercepts pointer events[22m
    [2m  - retrying click action[22m
    [2m    - waiting 20ms[22m
    [2m    - waiting for element to be visible, enabled and stable[22m
    [2m    - element is visible, enabled and stable[22m
    [2m    - scrolling into view if needed[22m
    [2m    - done scrolling[22m
    [2m    - <div class="space-y-1">ΓÇª</div> from <aside class="fixed left-0 top-0 h-full bg-cyber-surface/95 border-r border-cyber-border backdrop-blur-xl transition-all duration-300 z-50 flex flex-col w-64">ΓÇª</aside> subtree intercepts pointer events[22m
    [2m  2 ├ù retrying click action[22m
    [2m      - waiting 100ms[22m
    [2m      - waiting for element to be visible, enabled and stable[22m
    [2m      - element is visible, enabled and stable[22m
    [2m      - scrolling into view if needed[22m
    [2m      - done scrolling[22m
    [2m      - <div class="h-16 flex items-center px-6 border-b border-cyber-border">ΓÇª</div> from <aside class="fixed left-0 top-0 h-full bg-cyber-surface/95 border-r border-cyber-border backdrop-blur-xl transition-all duration-300 z-50 flex flex-col w-64">ΓÇª</aside> subtree intercepts pointer events[22m
    [2m  11 ├ù retrying click action[22m
    [2m       - waiting 500ms[22m
    [2m       - waiting for element to be visible, enabled and stable[22m
    [2m       - element is visible, enabled and stable[22m
    [2m       - scrolling into view if needed[22m
    [2m       - done scrolling[22m
    [2m       - <h1 class="text-2xl font-bold text-foreground">Fleet Manifests</h1> from <div>ΓÇª</div> subtree intercepts pointer events[22m
    [2m     - retrying click action[22m
    [2m       - waiting 500ms[22m
    [2m       - waiting for element to be visible, enabled and stable[22m
    [2m       - element is visible, enabled and stable[22m
    [2m       - scrolling into view if needed[22m
    [2m       - done scrolling[22m
    [2m       - <div class="space-y-1">ΓÇª</div> from <aside class="fixed left-0 top-0 h-full bg-cyber-surface/95 border-r border-cyber-border backdrop-blur-xl transition-all duration-300 z-50 flex flex-col w-64">ΓÇª</aside> subtree intercepts pointer events[22m
    [2m     - retrying click action[22m
    [2m       - waiting 500ms[22m
    [2m       - waiting for element to be visible, enabled and stable[22m
    [2m       - element is visible, enabled and stable[22m
    [2m       - scrolling into view if needed[22m
    [2m       - done scrolling[22m
    [2m       - <div class="h-16 flex items-center px-6 border-b border-cyber-border">ΓÇª</div> from <aside class="fixed left-0 top-0 h-full bg-cyber-surface/95 border-r border-cyber-border backdrop-blur-xl transition-all duration-300 z-50 flex flex-col w-64">ΓÇª</aside> subtree intercepts pointer events[22m
    [2m     - retrying click action[22m
    [2m       - waiting 500ms[22m
    [2m       - waiting for element to be visible, enabled and stable[22m
    [2m       - element is visible, enabled and stable[22m
    [2m       - scrolling into view if needed[22m
    [2m       - done scrolling[22m
    [2m       - <div class="h-16 flex items-center px-6 border-b border-cyber-border">ΓÇª</div> from <aside class="fixed left-0 top-0 h-full bg-cyber-surface/95 border-r border-cyber-border backdrop-blur-xl transition-all duration-300 z-50 flex flex-col w-64">ΓÇª</aside> subtree intercepts pointer events[22m
    [2m  - retrying click action[22m
    [2m    - waiting 500ms[22m
    [2m    - waiting for element to be visible, enabled and stable[22m
    [2m    - element is visible, enabled and stable[22m
    [2m    - scrolling into view if needed[22m
    [2m    - done scrolling[22m
    [2m    - <h1 class="text-2xl font-bold text-foreground">Fleet Manifests</h1> from <div>ΓÇª</div> subtree intercepts pointer events[22m
    [2m  - retrying click action[22m
    [2m    - waiting 500ms[22m
    [2m    - waiting for element to be visible, enabled and stable[22m
    [2m    - element is visible, enabled and stable[22m
    [2m    - scrolling into view if needed[22m
    [2m    - done scrolling[22m
    [2m    - <div class="space-y-1">ΓÇª</div> from <aside class="fixed left-0 top-0 h-full bg-cyber-surface/95 border-r border-cyber-border backdrop-blur-xl transition-all duration-300 z-50 flex flex-col w-64">ΓÇª</aside> subtree intercepts pointer events[22m
    [2m  - retrying click action[22m
    [2m    - waiting 500ms[22m


      60 |         const createButton = page.getByRole('button', { name: /create|new|add/i }).first();
      61 |         if (await createButton.isVisible()) {
    > 62 |             await createButton.click();
         |                                ^
      63 |
      64 |             // Modal should open
      65 |             await page.waitForTimeout(500);
        at C:\tac-portal\tests\e2e\manifest-scanning-enterprise.spec.ts:62:32

    attachment #1: screenshot (image/png) ΓöÇΓöÇΓöÇΓöÇΓöÇΓöÇΓöÇΓöÇΓöÇΓöÇΓöÇΓöÇΓöÇΓöÇΓöÇΓöÇΓöÇΓöÇΓöÇΓöÇΓöÇΓöÇΓöÇΓöÇΓöÇΓöÇΓöÇΓöÇΓöÇΓöÇΓöÇΓöÇΓöÇΓöÇΓöÇΓöÇΓöÇΓöÇΓöÇΓöÇΓöÇΓöÇΓöÇΓöÇΓöÇΓöÇΓöÇΓöÇΓöÇΓöÇΓöÇΓöÇΓöÇΓöÇΓöÇΓöÇΓöÇΓöÇ
    test-results\manifest-scanning-enterpri-a8b61--open-create-manifest-modal-Mobile-Chrome\test-failed-1.png
    ΓöÇΓöÇΓöÇΓöÇΓöÇΓöÇΓöÇΓöÇΓöÇΓöÇΓöÇΓöÇΓöÇΓöÇΓöÇΓöÇΓöÇΓöÇΓöÇΓöÇΓöÇΓöÇΓöÇΓöÇΓöÇΓöÇΓöÇΓöÇΓöÇΓöÇΓöÇΓöÇΓöÇΓöÇΓöÇΓöÇΓöÇΓöÇΓöÇΓöÇΓöÇΓöÇΓöÇΓöÇΓöÇΓöÇΓöÇΓöÇΓöÇΓöÇΓöÇΓöÇΓöÇΓöÇΓöÇΓöÇΓöÇΓöÇΓöÇΓöÇΓöÇΓöÇΓöÇΓöÇΓöÇΓöÇΓöÇΓöÇΓöÇΓöÇΓöÇΓöÇΓöÇΓöÇΓöÇΓöÇΓöÇΓöÇΓöÇΓöÇΓöÇΓöÇΓöÇΓöÇΓöÇΓöÇΓöÇΓöÇΓöÇΓöÇΓöÇΓöÇΓöÇΓöÇΓöÇΓöÇ

    Error Context: test-results\manifest-scanning-enterpri-a8b61--open-create-manifest-modal-Mobile-Chrome\error-context.md


[1A[2K  3 failed
    [chromium] ΓÇ║ tests\e2e\manifest-scanning-enterprise.spec.ts:56:5 ΓÇ║ Enterprise Manifest Scanning ΓÇ║ should open create manifest modal 
    [firefox] ΓÇ║ tests\e2e\manifest-scanning-enterprise.spec.ts:56:5 ΓÇ║ Enterprise Manifest Scanning ΓÇ║ should open create manifest modal 
    [Mobile Chrome] ΓÇ║ tests\e2e\manifest-scanning-enterprise.spec.ts:56:5 ΓÇ║ Enterprise Manifest Scanning ΓÇ║ should open create manifest modal 
  1 passed (43.1s)
